Archive member included to satisfy reference by file (symbol)

c:/intelfpga_lite/16.1/nios2eds/bin/gnu/h-x86_64-mingw32/bin/../lib/gcc/nios2-elf/5.3.0/mno-hw-mul\libgcc.a(lib2-divmod.o)
                              obj/default/hello_world_small.o (__modsi3)
c:/intelfpga_lite/16.1/nios2eds/bin/gnu/h-x86_64-mingw32/bin/../lib/gcc/nios2-elf/5.3.0/../../../../../H-x86_64-mingw32/nios2-elf/lib/mno-hw-mul\libsmallc.a(lib_a-puts.o)
                              obj/default/hello_world_small.o (puts)
c:/intelfpga_lite/16.1/nios2eds/bin/gnu/h-x86_64-mingw32/bin/../lib/gcc/nios2-elf/5.3.0/../../../../../H-x86_64-mingw32/nios2-elf/lib/mno-hw-mul\libsmallc.a(lib_a-strlen.o)
                              c:/intelfpga_lite/16.1/nios2eds/bin/gnu/h-x86_64-mingw32/bin/../lib/gcc/nios2-elf/5.3.0/../../../../../H-x86_64-mingw32/nios2-elf/lib/mno-hw-mul\libsmallc.a(lib_a-puts.o) (strlen)
c:/intelfpga_lite/16.1/nios2eds/bin/gnu/h-x86_64-mingw32/bin/../lib/gcc/nios2-elf/5.3.0/../../../../../H-x86_64-mingw32/nios2-elf/lib/mno-hw-mul\libsmallc.a(lib_a-fvwrite_small_dev.o)
                              c:/intelfpga_lite/16.1/nios2eds/bin/gnu/h-x86_64-mingw32/bin/../lib/gcc/nios2-elf/5.3.0/../../../../../H-x86_64-mingw32/nios2-elf/lib/mno-hw-mul\libsmallc.a(lib_a-puts.o) (__sfvwrite_small_dev)
c:/intelfpga_lite/16.1/nios2eds/bin/gnu/h-x86_64-mingw32/bin/../lib/gcc/nios2-elf/5.3.0/../../../../../H-x86_64-mingw32/nios2-elf/lib/mno-hw-mul\libsmallc.a(lib_a-impure.o)
                              c:/intelfpga_lite/16.1/nios2eds/bin/gnu/h-x86_64-mingw32/bin/../lib/gcc/nios2-elf/5.3.0/../../../../../H-x86_64-mingw32/nios2-elf/lib/mno-hw-mul\libsmallc.a(lib_a-puts.o) (_impure_ptr)
c:/intelfpga_lite/16.1/nios2eds/bin/gnu/h-x86_64-mingw32/bin/../lib/gcc/nios2-elf/5.3.0/../../../../../H-x86_64-mingw32/nios2-elf/lib/mno-hw-mul\libsmallc.a(lib_a-writer.o)
                              c:/intelfpga_lite/16.1/nios2eds/bin/gnu/h-x86_64-mingw32/bin/../lib/gcc/nios2-elf/5.3.0/../../../../../H-x86_64-mingw32/nios2-elf/lib/mno-hw-mul\libsmallc.a(lib_a-fvwrite_small_dev.o) (_write_r)
c:/intelfpga_lite/16.1/nios2eds/bin/gnu/h-x86_64-mingw32/bin/../lib/gcc/nios2-elf/5.3.0/../../../../../H-x86_64-mingw32/nios2-elf/lib/mno-hw-mul\libsmallc.a(lib_a-int_errno.o)
                              c:/intelfpga_lite/16.1/nios2eds/bin/gnu/h-x86_64-mingw32/bin/../lib/gcc/nios2-elf/5.3.0/../../../../../H-x86_64-mingw32/nios2-elf/lib/mno-hw-mul\libsmallc.a(lib_a-writer.o) (errno)
../lab05_bsp/\libhal_bsp.a(alt_iic.o)
                              obj/default/hello_world_small.o (alt_ic_isr_register)
../lab05_bsp/\libhal_bsp.a(alt_iic_isr_register.o)
                              ../lab05_bsp/\libhal_bsp.a(alt_iic.o) (alt_iic_isr_register)
../lab05_bsp/\libhal_bsp.a(alt_irq_entry.o)
                              ../lab05_bsp/\libhal_bsp.a(alt_iic_isr_register.o) (alt_irq_entry)
../lab05_bsp/\libhal_bsp.a(alt_irq_handler.o)
                              ../lab05_bsp/\libhal_bsp.a(alt_iic_isr_register.o) (alt_irq_handler)
../lab05_bsp/\libhal_bsp.a(alt_irq_vars.o)
                              ../lab05_bsp/\libhal_bsp.a(alt_iic.o) (alt_irq_active)
../lab05_bsp/\libhal_bsp.a(alt_load.o)
                              ../lab05_bsp//obj/HAL/src/crt0.o (alt_load)
../lab05_bsp/\libhal_bsp.a(alt_main.o)
                              ../lab05_bsp//obj/HAL/src/crt0.o (alt_main)
../lab05_bsp/\libhal_bsp.a(alt_write.o)
                              c:/intelfpga_lite/16.1/nios2eds/bin/gnu/h-x86_64-mingw32/bin/../lib/gcc/nios2-elf/5.3.0/../../../../../H-x86_64-mingw32/nios2-elf/lib/mno-hw-mul\libsmallc.a(lib_a-writer.o) (write)
../lab05_bsp/\libhal_bsp.a(alt_sys_init.o)
                              ../lab05_bsp/\libhal_bsp.a(alt_main.o) (alt_irq_init)
../lab05_bsp/\libhal_bsp.a(altera_avalon_jtag_uart_write.o)
                              ../lab05_bsp/\libhal_bsp.a(alt_write.o) (altera_avalon_jtag_uart_write)
../lab05_bsp/\libhal_bsp.a(alt_dcache_flush_all.o)
                              ../lab05_bsp/\libhal_bsp.a(alt_load.o) (alt_dcache_flush_all)
../lab05_bsp/\libhal_bsp.a(alt_errno.o)
                              ../lab05_bsp/\libhal_bsp.a(alt_write.o) (alt_errno)
../lab05_bsp/\libhal_bsp.a(alt_exception_entry.o)
                              ../lab05_bsp/\libhal_bsp.a(alt_irq_entry.o) (alt_exception)
../lab05_bsp/\libhal_bsp.a(alt_icache_flush_all.o)
                              ../lab05_bsp/\libhal_bsp.a(alt_load.o) (alt_icache_flush_all)
../lab05_bsp/\libhal_bsp.a(altera_nios2_qsys_irq.o)
                              ../lab05_bsp/\libhal_bsp.a(alt_sys_init.o) (altera_nios2_qsys_irq_init)

Allocating common symbols
Common symbol       size              file

alt_irq             0x100             ../lab05_bsp/\libhal_bsp.a(alt_irq_handler.o)
errno               0x4               c:/intelfpga_lite/16.1/nios2eds/bin/gnu/h-x86_64-mingw32/bin/../lib/gcc/nios2-elf/5.3.0/../../../../../H-x86_64-mingw32/nios2-elf/lib/mno-hw-mul\libsmallc.a(lib_a-int_errno.o)

Memory Configuration

Name             Origin             Length             Attributes
onchip_memory    0x0000000000000000 0x0000000000001000
reset            0x0000000008000000 0x0000000000000020
sdram            0x0000000008000020 0x0000000003ffffe0
*default*        0x0000000000000000 0xffffffffffffffff

Linker script and memory map

LOAD ../lab05_bsp//obj/HAL/src/crt0.o
LOAD obj/default/hello_world_small.o
LOAD c:/intelfpga_lite/16.1/nios2eds/bin/gnu/h-x86_64-mingw32/bin/../lib/gcc/nios2-elf/5.3.0/../../../../../H-x86_64-mingw32/nios2-elf/lib/mno-hw-mul\libstdc++.a
LOAD c:/intelfpga_lite/16.1/nios2eds/bin/gnu/h-x86_64-mingw32/bin/../lib/gcc/nios2-elf/5.3.0/../../../../../H-x86_64-mingw32/nios2-elf/lib/mno-hw-mul\libm.a
LOAD c:/intelfpga_lite/16.1/nios2eds/bin/gnu/h-x86_64-mingw32/bin/../lib/gcc/nios2-elf/5.3.0/mno-hw-mul\libgcc.a
START GROUP
LOAD c:/intelfpga_lite/16.1/nios2eds/bin/gnu/h-x86_64-mingw32/bin/../lib/gcc/nios2-elf/5.3.0/../../../../../H-x86_64-mingw32/nios2-elf/lib/mno-hw-mul\libsmallc.a
LOAD c:/intelfpga_lite/16.1/nios2eds/bin/gnu/h-x86_64-mingw32/bin/../lib/gcc/nios2-elf/5.3.0/mno-hw-mul\libgcc.a
LOAD ../lab05_bsp/\libhal_bsp.a
LOAD c:/intelfpga_lite/16.1/nios2eds/bin/gnu/h-x86_64-mingw32/bin/../lib/gcc/nios2-elf/5.3.0/../../../../../H-x86_64-mingw32/nios2-elf/lib/mno-hw-mul\libm.a
END GROUP
LOAD c:/intelfpga_lite/16.1/nios2eds/bin/gnu/h-x86_64-mingw32/bin/../lib/gcc/nios2-elf/5.3.0/mno-hw-mul\libgcc.a
                0x0000000000000000                __alt_mem_onchip_memory = 0x0
                0x0000000008000000                __alt_mem_sdram = 0x8000000

.entry          0x0000000008000000       0x20
 *(.entry)
 .entry         0x0000000008000000       0x20 ../lab05_bsp//obj/HAL/src/crt0.o
                0x0000000008000000                __reset
                0x000000000800000c                _exit

.exceptions     0x0000000008000020      0x12c
                0x0000000008000020                PROVIDE (__ram_exceptions_start, ABSOLUTE (.))
                0x0000000008000020                . = ALIGN (0x20)
 *(.irq)
 *(.exceptions.entry.label)
 .exceptions.entry.label
                0x0000000008000020        0x0 ../lab05_bsp/\libhal_bsp.a(alt_irq_entry.o)
                0x0000000008000020                alt_irq_entry
 .exceptions.entry.label
                0x0000000008000020        0x0 ../lab05_bsp/\libhal_bsp.a(alt_exception_entry.o)
                0x0000000008000020                alt_exception
 *(.exceptions.entry.user)
 *(.exceptions.entry.ecc_fatal)
 *(.exceptions.entry)
 .exceptions.entry
                0x0000000008000020       0x54 ../lab05_bsp/\libhal_bsp.a(alt_exception_entry.o)
 *(.exceptions.irqtest.user)
 *(.exceptions.irqtest)
 .exceptions.irqtest
                0x0000000008000074       0x10 ../lab05_bsp/\libhal_bsp.a(alt_irq_entry.o)
 *(.exceptions.irqhandler.user)
 *(.exceptions.irqhandler)
 .exceptions.irqhandler
                0x0000000008000084        0x4 ../lab05_bsp/\libhal_bsp.a(alt_irq_entry.o)
 *(.exceptions.irqreturn.user)
 *(.exceptions.irqreturn)
 .exceptions.irqreturn
                0x0000000008000088        0x4 ../lab05_bsp/\libhal_bsp.a(alt_irq_entry.o)
 *(.exceptions.notirq.label)
 .exceptions.notirq.label
                0x000000000800008c        0x0 ../lab05_bsp/\libhal_bsp.a(alt_irq_entry.o)
 *(.exceptions.notirq.user)
 *(.exceptions.notirq)
 .exceptions.notirq
                0x000000000800008c        0x8 ../lab05_bsp/\libhal_bsp.a(alt_exception_entry.o)
 *(.exceptions.soft.user)
 *(.exceptions.soft)
 *(.exceptions.unknown.user)
 *(.exceptions.unknown)
 .exceptions.unknown
                0x0000000008000094        0x4 ../lab05_bsp/\libhal_bsp.a(alt_exception_entry.o)
 *(.exceptions.exit.label)
 .exceptions.exit.label
                0x0000000008000098        0x0 ../lab05_bsp/\libhal_bsp.a(alt_irq_entry.o)
 .exceptions.exit.label
                0x0000000008000098        0x0 ../lab05_bsp/\libhal_bsp.a(alt_exception_entry.o)
 *(.exceptions.exit.user)
 *(.exceptions.exit)
 .exceptions.exit
                0x0000000008000098       0x54 ../lab05_bsp/\libhal_bsp.a(alt_exception_entry.o)
 *(.exceptions)
 .exceptions    0x00000000080000ec       0x60 ../lab05_bsp/\libhal_bsp.a(alt_irq_handler.o)
                0x00000000080000ec                alt_irq_handler
                0x000000000800014c                PROVIDE (__ram_exceptions_end, ABSOLUTE (.))
                0x0000000008000020                PROVIDE (__flash_exceptions_start, LOADADDR (.exceptions))

.text           0x000000000800014c      0x9d4
                [!provide]                        PROVIDE (stext, ABSOLUTE (.))
 *(.interp)
 *(.hash)
 *(.dynsym)
 *(.dynstr)
 *(.gnu.version)
 *(.gnu.version_d)
 *(.gnu.version_r)
 *(.rel.init)
 *(.rela.init)
 *(.rel.text .rel.text.* .rel.gnu.linkonce.t.*)
 *(.rela.text .rela.text.* .rela.gnu.linkonce.t.*)
 *(.rel.fini)
 *(.rela.fini)
 *(.rel.rodata .rel.rodata.* .rel.gnu.linkonce.r.*)
 *(.rela.rodata .rela.rodata.* .rela.gnu.linkonce.r.*)
 *(.rel.data .rel.data.* .rel.gnu.linkonce.d.*)
 *(.rela.data .rela.data.* .rela.gnu.linkonce.d.*)
 *(.rel.tdata .rel.tdata.* .rel.gnu.linkonce.td.*)
 *(.rela.tdata .rela.tdata.* .rela.gnu.linkonce.td.*)
 *(.rel.tbss .rel.tbss.* .rel.gnu.linkonce.tb.*)
 *(.rela.tbss .rela.tbss.* .rela.gnu.linkonce.tb.*)
 *(.rel.ctors)
 *(.rela.ctors)
 *(.rel.dtors)
 *(.rela.dtors)
 *(.rel.got)
 *(.rela.got)
 *(.rel.sdata .rel.sdata.* .rel.gnu.linkonce.s.*)
 *(.rela.sdata .rela.sdata.* .rela.gnu.linkonce.s.*)
 *(.rel.sbss .rel.sbss.* .rel.gnu.linkonce.sb.*)
 *(.rela.sbss .rela.sbss.* .rela.gnu.linkonce.sb.*)
 *(.rel.sdata2 .rel.sdata2.* .rel.gnu.linkonce.s2.*)
 *(.rela.sdata2 .rela.sdata2.* .rela.gnu.linkonce.s2.*)
 *(.rel.sbss2 .rel.sbss2.* .rel.gnu.linkonce.sb2.*)
 *(.rela.sbss2 .rela.sbss2.* .rela.gnu.linkonce.sb2.*)
 *(.rel.bss .rel.bss.* .rel.gnu.linkonce.b.*)
 *(.rela.bss .rela.bss.* .rela.gnu.linkonce.b.*)
 *(.rel.plt)
 *(.rela.plt)
 *(.rel.dyn)
 *(.init)
 *(.plt)
 *(.text .stub .text.* .gnu.linkonce.t.*)
 .text          0x000000000800014c       0x3c ../lab05_bsp//obj/HAL/src/crt0.o
                0x000000000800014c                _start
 .text          0x0000000008000188      0x334 obj/default/hello_world_small.o
                0x00000000080001a8                display
                0x00000000080003c0                init_timer
                0x0000000008000428                init_BUTTONS_interrupts
                0x0000000008000488                init_all
 .text.startup  0x00000000080004bc       0x1c obj/default/hello_world_small.o
                0x00000000080004bc                main
 .text          0x00000000080004d8      0x1b4 c:/intelfpga_lite/16.1/nios2eds/bin/gnu/h-x86_64-mingw32/bin/../lib/gcc/nios2-elf/5.3.0/mno-hw-mul\libgcc.a(lib2-divmod.o)
                0x00000000080004d8                __divsi3
                0x000000000800055c                __modsi3
                0x00000000080005d0                __udivsi3
                0x0000000008000634                __umodsi3
 .text          0x000000000800068c        0x0 c:/intelfpga_lite/16.1/nios2eds/bin/gnu/h-x86_64-mingw32/bin/../lib/gcc/nios2-elf/5.3.0/../../../../../H-x86_64-mingw32/nios2-elf/lib/mno-hw-mul\libsmallc.a(lib_a-puts.o)
 .text._puts_r  0x000000000800068c       0x80 c:/intelfpga_lite/16.1/nios2eds/bin/gnu/h-x86_64-mingw32/bin/../lib/gcc/nios2-elf/5.3.0/../../../../../H-x86_64-mingw32/nios2-elf/lib/mno-hw-mul\libsmallc.a(lib_a-puts.o)
                0x000000000800068c                _puts_r
 .text.puts     0x000000000800070c       0x14 c:/intelfpga_lite/16.1/nios2eds/bin/gnu/h-x86_64-mingw32/bin/../lib/gcc/nios2-elf/5.3.0/../../../../../H-x86_64-mingw32/nios2-elf/lib/mno-hw-mul\libsmallc.a(lib_a-puts.o)
                0x000000000800070c                puts
 .text          0x0000000008000720        0x0 c:/intelfpga_lite/16.1/nios2eds/bin/gnu/h-x86_64-mingw32/bin/../lib/gcc/nios2-elf/5.3.0/../../../../../H-x86_64-mingw32/nios2-elf/lib/mno-hw-mul\libsmallc.a(lib_a-strlen.o)
 .text.strlen   0x0000000008000720       0x1c c:/intelfpga_lite/16.1/nios2eds/bin/gnu/h-x86_64-mingw32/bin/../lib/gcc/nios2-elf/5.3.0/../../../../../H-x86_64-mingw32/nios2-elf/lib/mno-hw-mul\libsmallc.a(lib_a-strlen.o)
                0x0000000008000720                strlen
 .text          0x000000000800073c        0x0 c:/intelfpga_lite/16.1/nios2eds/bin/gnu/h-x86_64-mingw32/bin/../lib/gcc/nios2-elf/5.3.0/../../../../../H-x86_64-mingw32/nios2-elf/lib/mno-hw-mul\libsmallc.a(lib_a-fvwrite_small_dev.o)
 .text.__sfvwrite_small_dev
                0x000000000800073c       0xb8 c:/intelfpga_lite/16.1/nios2eds/bin/gnu/h-x86_64-mingw32/bin/../lib/gcc/nios2-elf/5.3.0/../../../../../H-x86_64-mingw32/nios2-elf/lib/mno-hw-mul\libsmallc.a(lib_a-fvwrite_small_dev.o)
                0x000000000800073c                __sfvwrite_small_dev
 .text          0x00000000080007f4        0x0 c:/intelfpga_lite/16.1/nios2eds/bin/gnu/h-x86_64-mingw32/bin/../lib/gcc/nios2-elf/5.3.0/../../../../../H-x86_64-mingw32/nios2-elf/lib/mno-hw-mul\libsmallc.a(lib_a-impure.o)
 .text          0x00000000080007f4        0x0 c:/intelfpga_lite/16.1/nios2eds/bin/gnu/h-x86_64-mingw32/bin/../lib/gcc/nios2-elf/5.3.0/../../../../../H-x86_64-mingw32/nios2-elf/lib/mno-hw-mul\libsmallc.a(lib_a-writer.o)
 .text._write_r
                0x00000000080007f4       0x58 c:/intelfpga_lite/16.1/nios2eds/bin/gnu/h-x86_64-mingw32/bin/../lib/gcc/nios2-elf/5.3.0/../../../../../H-x86_64-mingw32/nios2-elf/lib/mno-hw-mul\libsmallc.a(lib_a-writer.o)
                0x00000000080007f4                _write_r
 .text          0x000000000800084c        0x0 c:/intelfpga_lite/16.1/nios2eds/bin/gnu/h-x86_64-mingw32/bin/../lib/gcc/nios2-elf/5.3.0/../../../../../H-x86_64-mingw32/nios2-elf/lib/mno-hw-mul\libsmallc.a(lib_a-int_errno.o)
 .text          0x000000000800084c       0x8c ../lab05_bsp/\libhal_bsp.a(alt_iic.o)
                0x000000000800084c                alt_ic_isr_register
                0x0000000008000850                alt_ic_irq_enable
                0x0000000008000888                alt_ic_irq_disable
                0x00000000080008c0                alt_ic_irq_enabled
 .text          0x00000000080008d8       0x68 ../lab05_bsp/\libhal_bsp.a(alt_iic_isr_register.o)
                0x00000000080008d8                alt_iic_isr_register
 .text          0x0000000008000940        0x0 ../lab05_bsp/\libhal_bsp.a(alt_irq_entry.o)
 .text          0x0000000008000940        0x0 ../lab05_bsp/\libhal_bsp.a(alt_irq_handler.o)
 .text          0x0000000008000940        0x0 ../lab05_bsp/\libhal_bsp.a(alt_irq_vars.o)
 .text          0x0000000008000940       0xe0 ../lab05_bsp/\libhal_bsp.a(alt_load.o)
                0x0000000008000940                alt_load
 .text          0x0000000008000a20       0x2c ../lab05_bsp/\libhal_bsp.a(alt_main.o)
                0x0000000008000a20                alt_main
 .text          0x0000000008000a4c       0x60 ../lab05_bsp/\libhal_bsp.a(alt_write.o)
                0x0000000008000a4c                write
 .text          0x0000000008000aac       0x30 ../lab05_bsp/\libhal_bsp.a(alt_sys_init.o)
                0x0000000008000aac                alt_irq_init
                0x0000000008000acc                alt_sys_init
 .text          0x0000000008000adc       0x34 ../lab05_bsp/\libhal_bsp.a(altera_avalon_jtag_uart_write.o)
                0x0000000008000adc                altera_avalon_jtag_uart_write
 .text          0x0000000008000b10        0x4 ../lab05_bsp/\libhal_bsp.a(alt_dcache_flush_all.o)
                0x0000000008000b10                alt_dcache_flush_all
 .text          0x0000000008000b14        0x0 ../lab05_bsp/\libhal_bsp.a(alt_errno.o)
 .text          0x0000000008000b14        0x0 ../lab05_bsp/\libhal_bsp.a(alt_exception_entry.o)
 .text          0x0000000008000b14        0x4 ../lab05_bsp/\libhal_bsp.a(alt_icache_flush_all.o)
                0x0000000008000b14                alt_icache_flush_all
 .text          0x0000000008000b18        0x8 ../lab05_bsp/\libhal_bsp.a(altera_nios2_qsys_irq.o)
                0x0000000008000b18                altera_nios2_qsys_irq_init
 *(.gnu.warning.*)
 *(.fini)
                [!provide]                        PROVIDE (__etext, ABSOLUTE (.))
                [!provide]                        PROVIDE (_etext, ABSOLUTE (.))
                [!provide]                        PROVIDE (etext, ABSOLUTE (.))
 *(.eh_frame_hdr)
                0x0000000008000b20                . = ALIGN (0x4)
                [!provide]                        PROVIDE (__preinit_array_start, ABSOLUTE (.))
 *(.preinit_array)
                [!provide]                        PROVIDE (__preinit_array_end, ABSOLUTE (.))
                [!provide]                        PROVIDE (__init_array_start, ABSOLUTE (.))
 *(.init_array)
                [!provide]                        PROVIDE (__init_array_end, ABSOLUTE (.))
                [!provide]                        PROVIDE (__fini_array_start, ABSOLUTE (.))
 *(.fini_array)
                [!provide]                        PROVIDE (__fini_array_end, ABSOLUTE (.))
 *(.eh_frame)
 *(.gcc_except_table .gcc_except_table.*)
 *(.dynamic)
                [!provide]                        PROVIDE (__CTOR_LIST__, ABSOLUTE (.))
 *(.ctors)
 *(SORT(.ctors.*))
                [!provide]                        PROVIDE (__CTOR_END__, ABSOLUTE (.))
                [!provide]                        PROVIDE (__DTOR_LIST__, ABSOLUTE (.))
 *(.dtors)
 *(SORT(.dtors.*))
                [!provide]                        PROVIDE (__DTOR_END__, ABSOLUTE (.))
 *(.jcr)
                0x0000000008000b20                . = ALIGN (0x4)

.rodata         0x0000000008000b20       0x74
                0x0000000008000b20                PROVIDE (__ram_rodata_start, ABSOLUTE (.))
                0x0000000008000b20                . = ALIGN (0x4)
 *(.rodata .rodata.* .gnu.linkonce.r.*)
 .rodata.str1.4
                0x0000000008000b20       0x6f obj/default/hello_world_small.o
 *fill*         0x0000000008000b8f        0x1 
 .rodata.str1.4
                0x0000000008000b90        0x4 c:/intelfpga_lite/16.1/nios2eds/bin/gnu/h-x86_64-mingw32/bin/../lib/gcc/nios2-elf/5.3.0/../../../../../H-x86_64-mingw32/nios2-elf/lib/mno-hw-mul\libsmallc.a(lib_a-puts.o)
                                          0x2 (size before relaxing)
 *(.rodata1)
                0x0000000008000b94                . = ALIGN (0x4)
                0x0000000008000b94                PROVIDE (__ram_rodata_end, ABSOLUTE (.))
                0x0000000008000b20                PROVIDE (__flash_rodata_start, LOADADDR (.rodata))

.rwdata         0x0000000008000b94      0x10c load address 0x0000000008000ca0
                0x0000000008000b94                PROVIDE (__ram_rwdata_start, ABSOLUTE (.))
                0x0000000008000b94                . = ALIGN (0x4)
 *(.got.plt)
 *(.got)
 *(.data1)
 *(.data .data.* .gnu.linkonce.d.*)
 .data          0x0000000008000b94        0x0 ../lab05_bsp//obj/HAL/src/crt0.o
 .data          0x0000000008000b94        0x0 obj/default/hello_world_small.o
 .data          0x0000000008000b94        0x0 c:/intelfpga_lite/16.1/nios2eds/bin/gnu/h-x86_64-mingw32/bin/../lib/gcc/nios2-elf/5.3.0/mno-hw-mul\libgcc.a(lib2-divmod.o)
 .data          0x0000000008000b94        0x0 c:/intelfpga_lite/16.1/nios2eds/bin/gnu/h-x86_64-mingw32/bin/../lib/gcc/nios2-elf/5.3.0/../../../../../H-x86_64-mingw32/nios2-elf/lib/mno-hw-mul\libsmallc.a(lib_a-puts.o)
 .data          0x0000000008000b94        0x0 c:/intelfpga_lite/16.1/nios2eds/bin/gnu/h-x86_64-mingw32/bin/../lib/gcc/nios2-elf/5.3.0/../../../../../H-x86_64-mingw32/nios2-elf/lib/mno-hw-mul\libsmallc.a(lib_a-strlen.o)
 .data          0x0000000008000b94        0x0 c:/intelfpga_lite/16.1/nios2eds/bin/gnu/h-x86_64-mingw32/bin/../lib/gcc/nios2-elf/5.3.0/../../../../../H-x86_64-mingw32/nios2-elf/lib/mno-hw-mul\libsmallc.a(lib_a-fvwrite_small_dev.o)
 .data          0x0000000008000b94        0x0 c:/intelfpga_lite/16.1/nios2eds/bin/gnu/h-x86_64-mingw32/bin/../lib/gcc/nios2-elf/5.3.0/../../../../../H-x86_64-mingw32/nios2-elf/lib/mno-hw-mul\libsmallc.a(lib_a-impure.o)
 .data.impure_data
                0x0000000008000b94       0xe0 c:/intelfpga_lite/16.1/nios2eds/bin/gnu/h-x86_64-mingw32/bin/../lib/gcc/nios2-elf/5.3.0/../../../../../H-x86_64-mingw32/nios2-elf/lib/mno-hw-mul\libsmallc.a(lib_a-impure.o)
 .data          0x0000000008000c74        0x0 c:/intelfpga_lite/16.1/nios2eds/bin/gnu/h-x86_64-mingw32/bin/../lib/gcc/nios2-elf/5.3.0/../../../../../H-x86_64-mingw32/nios2-elf/lib/mno-hw-mul\libsmallc.a(lib_a-writer.o)
 .data          0x0000000008000c74        0x0 c:/intelfpga_lite/16.1/nios2eds/bin/gnu/h-x86_64-mingw32/bin/../lib/gcc/nios2-elf/5.3.0/../../../../../H-x86_64-mingw32/nios2-elf/lib/mno-hw-mul\libsmallc.a(lib_a-int_errno.o)
 .data          0x0000000008000c74        0x0 ../lab05_bsp/\libhal_bsp.a(alt_iic.o)
 .data          0x0000000008000c74        0x0 ../lab05_bsp/\libhal_bsp.a(alt_iic_isr_register.o)
 .data          0x0000000008000c74        0x0 ../lab05_bsp/\libhal_bsp.a(alt_irq_entry.o)
 .data          0x0000000008000c74        0x0 ../lab05_bsp/\libhal_bsp.a(alt_irq_handler.o)
 .data          0x0000000008000c74        0x0 ../lab05_bsp/\libhal_bsp.a(alt_irq_vars.o)
 .data          0x0000000008000c74        0x0 ../lab05_bsp/\libhal_bsp.a(alt_load.o)
 .data          0x0000000008000c74        0x0 ../lab05_bsp/\libhal_bsp.a(alt_main.o)
 .data          0x0000000008000c74        0x0 ../lab05_bsp/\libhal_bsp.a(alt_write.o)
 .data          0x0000000008000c74        0x0 ../lab05_bsp/\libhal_bsp.a(alt_sys_init.o)
 .data          0x0000000008000c74        0x0 ../lab05_bsp/\libhal_bsp.a(altera_avalon_jtag_uart_write.o)
 .data          0x0000000008000c74        0x0 ../lab05_bsp/\libhal_bsp.a(alt_dcache_flush_all.o)
 .data          0x0000000008000c74        0x0 ../lab05_bsp/\libhal_bsp.a(alt_errno.o)
 .data          0x0000000008000c74        0x0 ../lab05_bsp/\libhal_bsp.a(alt_exception_entry.o)
 .data          0x0000000008000c74        0x0 ../lab05_bsp/\libhal_bsp.a(alt_icache_flush_all.o)
 .data          0x0000000008000c74        0x0 ../lab05_bsp/\libhal_bsp.a(altera_nios2_qsys_irq.o)
                0x0000000008008c74                _gp = ABSOLUTE ((. + 0x8000))
                [!provide]                        PROVIDE (gp, _gp)
 *(.rwdata .rwdata.*)
 *(.sdata .sdata.* .gnu.linkonce.s.*)
 .sdata         0x0000000008000c74       0x18 obj/default/hello_world_small.o
                0x0000000008000c74                polito
                0x0000000008000c7c                I
                0x0000000008000c80                L
                0x0000000008000c84                O
                0x0000000008000c88                P
 .sdata._global_impure_ptr
                0x0000000008000c8c        0x4 c:/intelfpga_lite/16.1/nios2eds/bin/gnu/h-x86_64-mingw32/bin/../lib/gcc/nios2-elf/5.3.0/../../../../../H-x86_64-mingw32/nios2-elf/lib/mno-hw-mul\libsmallc.a(lib_a-impure.o)
                0x0000000008000c8c                _global_impure_ptr
 .sdata._impure_ptr
                0x0000000008000c90        0x4 c:/intelfpga_lite/16.1/nios2eds/bin/gnu/h-x86_64-mingw32/bin/../lib/gcc/nios2-elf/5.3.0/../../../../../H-x86_64-mingw32/nios2-elf/lib/mno-hw-mul\libsmallc.a(lib_a-impure.o)
                0x0000000008000c90                _impure_ptr
 .sdata         0x0000000008000c94        0x4 ../lab05_bsp/\libhal_bsp.a(alt_irq_vars.o)
                0x0000000008000c94                alt_priority_mask
 .sdata         0x0000000008000c98        0x4 ../lab05_bsp/\libhal_bsp.a(alt_sys_init.o)
                0x0000000008000c98                jtag_uart
 .sdata         0x0000000008000c9c        0x4 ../lab05_bsp/\libhal_bsp.a(alt_errno.o)
                0x0000000008000c9c                alt_errno
 *(.sdata2 .sdata2.* .gnu.linkonce.s2.*)
                0x0000000008000ca0                . = ALIGN (0x4)
                0x0000000008000ca0                _edata = ABSOLUTE (.)
                [!provide]                        PROVIDE (edata, ABSOLUTE (.))
                0x0000000008000ca0                PROVIDE (__ram_rwdata_end, ABSOLUTE (.))
                0x0000000008000ca0                PROVIDE (__flash_rwdata_start, LOADADDR (.rwdata))

.bss            0x0000000008000dac      0x130
                0x0000000008000dac                __bss_start = ABSOLUTE (.)
                [!provide]                        PROVIDE (__sbss_start, ABSOLUTE (.))
                [!provide]                        PROVIDE (___sbss_start, ABSOLUTE (.))
 *(.dynsbss)
 *(.sbss .sbss.* .gnu.linkonce.sb.*)
 .sbss          0x0000000008000dac       0x1c obj/default/hello_world_small.o
                0x0000000008000dac                left_move
                0x0000000008000db0                right_move
                0x0000000008000db4                char_pointer
                0x0000000008000db8                test
                0x0000000008000dbc                key_edge
                0x0000000008000dc0                prescaler
                0x0000000008000dc4                global_cnt
 .sbss          0x0000000008000dc8        0x4 c:/intelfpga_lite/16.1/nios2eds/bin/gnu/h-x86_64-mingw32/bin/../lib/gcc/nios2-elf/5.3.0/../../../../../H-x86_64-mingw32/nios2-elf/lib/mno-hw-mul\libsmallc.a(lib_a-int_errno.o)
                0x0000000008000dc8                errno
 .sbss          0x0000000008000dcc        0x4 ../lab05_bsp/\libhal_bsp.a(alt_irq_vars.o)
                0x0000000008000dcc                alt_irq_active
 .sbss          0x0000000008000dd0        0xc ../lab05_bsp/\libhal_bsp.a(alt_main.o)
                0x0000000008000dd0                alt_envp
                0x0000000008000dd4                alt_argv
                0x0000000008000dd8                alt_argc
 *(.sbss2 .sbss2.* .gnu.linkonce.sb2.*)
 *(.scommon)
                [!provide]                        PROVIDE (__sbss_end, ABSOLUTE (.))
                [!provide]                        PROVIDE (___sbss_end, ABSOLUTE (.))
 *(.dynbss)
 *(.bss .bss.* .gnu.linkonce.b.*)
 .bss           0x0000000008000ddc        0x0 ../lab05_bsp//obj/HAL/src/crt0.o
 .bss           0x0000000008000ddc        0x0 obj/default/hello_world_small.o
 .bss           0x0000000008000ddc        0x0 c:/intelfpga_lite/16.1/nios2eds/bin/gnu/h-x86_64-mingw32/bin/../lib/gcc/nios2-elf/5.3.0/mno-hw-mul\libgcc.a(lib2-divmod.o)
 .bss           0x0000000008000ddc        0x0 c:/intelfpga_lite/16.1/nios2eds/bin/gnu/h-x86_64-mingw32/bin/../lib/gcc/nios2-elf/5.3.0/../../../../../H-x86_64-mingw32/nios2-elf/lib/mno-hw-mul\libsmallc.a(lib_a-puts.o)
 .bss           0x0000000008000ddc        0x0 c:/intelfpga_lite/16.1/nios2eds/bin/gnu/h-x86_64-mingw32/bin/../lib/gcc/nios2-elf/5.3.0/../../../../../H-x86_64-mingw32/nios2-elf/lib/mno-hw-mul\libsmallc.a(lib_a-strlen.o)
 .bss           0x0000000008000ddc        0x0 c:/intelfpga_lite/16.1/nios2eds/bin/gnu/h-x86_64-mingw32/bin/../lib/gcc/nios2-elf/5.3.0/../../../../../H-x86_64-mingw32/nios2-elf/lib/mno-hw-mul\libsmallc.a(lib_a-fvwrite_small_dev.o)
 .bss           0x0000000008000ddc        0x0 c:/intelfpga_lite/16.1/nios2eds/bin/gnu/h-x86_64-mingw32/bin/../lib/gcc/nios2-elf/5.3.0/../../../../../H-x86_64-mingw32/nios2-elf/lib/mno-hw-mul\libsmallc.a(lib_a-impure.o)
 .bss           0x0000000008000ddc        0x0 c:/intelfpga_lite/16.1/nios2eds/bin/gnu/h-x86_64-mingw32/bin/../lib/gcc/nios2-elf/5.3.0/../../../../../H-x86_64-mingw32/nios2-elf/lib/mno-hw-mul\libsmallc.a(lib_a-writer.o)
 .bss           0x0000000008000ddc        0x0 c:/intelfpga_lite/16.1/nios2eds/bin/gnu/h-x86_64-mingw32/bin/../lib/gcc/nios2-elf/5.3.0/../../../../../H-x86_64-mingw32/nios2-elf/lib/mno-hw-mul\libsmallc.a(lib_a-int_errno.o)
 .bss           0x0000000008000ddc        0x0 ../lab05_bsp/\libhal_bsp.a(alt_iic.o)
 .bss           0x0000000008000ddc        0x0 ../lab05_bsp/\libhal_bsp.a(alt_iic_isr_register.o)
 .bss           0x0000000008000ddc        0x0 ../lab05_bsp/\libhal_bsp.a(alt_irq_entry.o)
 .bss           0x0000000008000ddc        0x0 ../lab05_bsp/\libhal_bsp.a(alt_irq_handler.o)
 .bss           0x0000000008000ddc        0x0 ../lab05_bsp/\libhal_bsp.a(alt_irq_vars.o)
 .bss           0x0000000008000ddc        0x0 ../lab05_bsp/\libhal_bsp.a(alt_load.o)
 .bss           0x0000000008000ddc        0x0 ../lab05_bsp/\libhal_bsp.a(alt_main.o)
 .bss           0x0000000008000ddc        0x0 ../lab05_bsp/\libhal_bsp.a(alt_write.o)
 .bss           0x0000000008000ddc        0x0 ../lab05_bsp/\libhal_bsp.a(alt_sys_init.o)
 .bss           0x0000000008000ddc        0x0 ../lab05_bsp/\libhal_bsp.a(altera_avalon_jtag_uart_write.o)
 .bss           0x0000000008000ddc        0x0 ../lab05_bsp/\libhal_bsp.a(alt_dcache_flush_all.o)
 .bss           0x0000000008000ddc        0x0 ../lab05_bsp/\libhal_bsp.a(alt_errno.o)
 .bss           0x0000000008000ddc        0x0 ../lab05_bsp/\libhal_bsp.a(alt_exception_entry.o)
 .bss           0x0000000008000ddc        0x0 ../lab05_bsp/\libhal_bsp.a(alt_icache_flush_all.o)
 .bss           0x0000000008000ddc        0x0 ../lab05_bsp/\libhal_bsp.a(altera_nios2_qsys_irq.o)
 *(COMMON)
 COMMON         0x0000000008000ddc      0x100 ../lab05_bsp/\libhal_bsp.a(alt_irq_handler.o)
                0x0000000008000ddc                alt_irq
                0x0000000008000edc                . = ALIGN (0x4)
                0x0000000008000edc                __bss_end = ABSOLUTE (.)

.onchip_memory  0x0000000000000000        0x0 load address 0x0000000008000edc
                [!provide]                        PROVIDE (_alt_partition_onchip_memory_start, ABSOLUTE (.))
 *(.onchip_memory .onchip_memory. onchip_memory.*)
                0x0000000000000000                . = ALIGN (0x4)
                [!provide]                        PROVIDE (_alt_partition_onchip_memory_end, ABSOLUTE (.))
                [!provide]                        PROVIDE (_alt_partition_onchip_memory_load_addr, LOADADDR (.onchip_memory))

.sdram          0x0000000008000edc        0x0
                [!provide]                        PROVIDE (_alt_partition_sdram_start, ABSOLUTE (.))
 *(.sdram .sdram. sdram.*)
                0x0000000008000edc                . = ALIGN (0x4)
                [!provide]                        PROVIDE (_alt_partition_sdram_end, ABSOLUTE (.))
                0x0000000008000edc                _end = ABSOLUTE (.)
                0x0000000008000edc                end = ABSOLUTE (.)
                0x0000000008000edc                __alt_stack_base = ABSOLUTE (.)
                [!provide]                        PROVIDE (_alt_partition_sdram_load_addr, LOADADDR (.sdram))

.stab
 *(.stab)

.stabstr
 *(.stabstr)

.stab.excl
 *(.stab.excl)

.stab.exclstr
 *(.stab.exclstr)

.stab.index
 *(.stab.index)

.stab.indexstr
 *(.stab.indexstr)

.comment        0x0000000000000000       0x23
 *(.comment)
 .comment       0x0000000000000000       0x23 obj/default/hello_world_small.o
                                         0x24 (size before relaxing)
 .comment       0x0000000000000023       0x24 c:/intelfpga_lite/16.1/nios2eds/bin/gnu/h-x86_64-mingw32/bin/../lib/gcc/nios2-elf/5.3.0/mno-hw-mul\libgcc.a(lib2-divmod.o)
 .comment       0x0000000000000023       0x24 c:/intelfpga_lite/16.1/nios2eds/bin/gnu/h-x86_64-mingw32/bin/../lib/gcc/nios2-elf/5.3.0/../../../../../H-x86_64-mingw32/nios2-elf/lib/mno-hw-mul\libsmallc.a(lib_a-puts.o)
 .comment       0x0000000000000023       0x24 c:/intelfpga_lite/16.1/nios2eds/bin/gnu/h-x86_64-mingw32/bin/../lib/gcc/nios2-elf/5.3.0/../../../../../H-x86_64-mingw32/nios2-elf/lib/mno-hw-mul\libsmallc.a(lib_a-strlen.o)
 .comment       0x0000000000000023       0x24 c:/intelfpga_lite/16.1/nios2eds/bin/gnu/h-x86_64-mingw32/bin/../lib/gcc/nios2-elf/5.3.0/../../../../../H-x86_64-mingw32/nios2-elf/lib/mno-hw-mul\libsmallc.a(lib_a-fvwrite_small_dev.o)
 .comment       0x0000000000000023       0x24 c:/intelfpga_lite/16.1/nios2eds/bin/gnu/h-x86_64-mingw32/bin/../lib/gcc/nios2-elf/5.3.0/../../../../../H-x86_64-mingw32/nios2-elf/lib/mno-hw-mul\libsmallc.a(lib_a-impure.o)
 .comment       0x0000000000000023       0x24 c:/intelfpga_lite/16.1/nios2eds/bin/gnu/h-x86_64-mingw32/bin/../lib/gcc/nios2-elf/5.3.0/../../../../../H-x86_64-mingw32/nios2-elf/lib/mno-hw-mul\libsmallc.a(lib_a-writer.o)
 .comment       0x0000000000000023       0x24 c:/intelfpga_lite/16.1/nios2eds/bin/gnu/h-x86_64-mingw32/bin/../lib/gcc/nios2-elf/5.3.0/../../../../../H-x86_64-mingw32/nios2-elf/lib/mno-hw-mul\libsmallc.a(lib_a-int_errno.o)
 .comment       0x0000000000000023       0x24 ../lab05_bsp/\libhal_bsp.a(alt_iic.o)
 .comment       0x0000000000000023       0x24 ../lab05_bsp/\libhal_bsp.a(alt_iic_isr_register.o)
 .comment       0x0000000000000023       0x24 ../lab05_bsp/\libhal_bsp.a(alt_irq_handler.o)
 .comment       0x0000000000000023       0x24 ../lab05_bsp/\libhal_bsp.a(alt_irq_vars.o)
 .comment       0x0000000000000023       0x24 ../lab05_bsp/\libhal_bsp.a(alt_load.o)
 .comment       0x0000000000000023       0x24 ../lab05_bsp/\libhal_bsp.a(alt_main.o)
 .comment       0x0000000000000023       0x24 ../lab05_bsp/\libhal_bsp.a(alt_write.o)
 .comment       0x0000000000000023       0x24 ../lab05_bsp/\libhal_bsp.a(alt_sys_init.o)
 .comment       0x0000000000000023       0x24 ../lab05_bsp/\libhal_bsp.a(altera_avalon_jtag_uart_write.o)
 .comment       0x0000000000000023       0x24 ../lab05_bsp/\libhal_bsp.a(alt_dcache_flush_all.o)
 .comment       0x0000000000000023       0x24 ../lab05_bsp/\libhal_bsp.a(alt_errno.o)
 .comment       0x0000000000000023       0x24 ../lab05_bsp/\libhal_bsp.a(alt_icache_flush_all.o)
 .comment       0x0000000000000023       0x24 ../lab05_bsp/\libhal_bsp.a(altera_nios2_qsys_irq.o)

.debug
 *(.debug)

.line
 *(.line)

.debug_srcinfo
 *(.debug_srcinfo)

.debug_sfnames
 *(.debug_sfnames)

.debug_aranges  0x0000000000000000      0x320
 *(.debug_aranges)
 .debug_aranges
                0x0000000000000000       0x28 ../lab05_bsp//obj/HAL/src/crt0.o
 .debug_aranges
                0x0000000000000028       0x28 obj/default/hello_world_small.o
 .debug_aranges
                0x0000000000000050       0x20 c:/intelfpga_lite/16.1/nios2eds/bin/gnu/h-x86_64-mingw32/bin/../lib/gcc/nios2-elf/5.3.0/mno-hw-mul\libgcc.a(lib2-divmod.o)
 .debug_aranges
                0x0000000000000070       0x28 c:/intelfpga_lite/16.1/nios2eds/bin/gnu/h-x86_64-mingw32/bin/../lib/gcc/nios2-elf/5.3.0/../../../../../H-x86_64-mingw32/nios2-elf/lib/mno-hw-mul\libsmallc.a(lib_a-puts.o)
 .debug_aranges
                0x0000000000000098       0x20 c:/intelfpga_lite/16.1/nios2eds/bin/gnu/h-x86_64-mingw32/bin/../lib/gcc/nios2-elf/5.3.0/../../../../../H-x86_64-mingw32/nios2-elf/lib/mno-hw-mul\libsmallc.a(lib_a-strlen.o)
 .debug_aranges
                0x00000000000000b8       0x20 c:/intelfpga_lite/16.1/nios2eds/bin/gnu/h-x86_64-mingw32/bin/../lib/gcc/nios2-elf/5.3.0/../../../../../H-x86_64-mingw32/nios2-elf/lib/mno-hw-mul\libsmallc.a(lib_a-fvwrite_small_dev.o)
 .debug_aranges
                0x00000000000000d8       0x18 c:/intelfpga_lite/16.1/nios2eds/bin/gnu/h-x86_64-mingw32/bin/../lib/gcc/nios2-elf/5.3.0/../../../../../H-x86_64-mingw32/nios2-elf/lib/mno-hw-mul\libsmallc.a(lib_a-impure.o)
 .debug_aranges
                0x00000000000000f0       0x20 c:/intelfpga_lite/16.1/nios2eds/bin/gnu/h-x86_64-mingw32/bin/../lib/gcc/nios2-elf/5.3.0/../../../../../H-x86_64-mingw32/nios2-elf/lib/mno-hw-mul\libsmallc.a(lib_a-writer.o)
 .debug_aranges
                0x0000000000000110       0x18 c:/intelfpga_lite/16.1/nios2eds/bin/gnu/h-x86_64-mingw32/bin/../lib/gcc/nios2-elf/5.3.0/../../../../../H-x86_64-mingw32/nios2-elf/lib/mno-hw-mul\libsmallc.a(lib_a-int_errno.o)
 .debug_aranges
                0x0000000000000128       0x20 ../lab05_bsp/\libhal_bsp.a(alt_iic.o)
 .debug_aranges
                0x0000000000000148       0x20 ../lab05_bsp/\libhal_bsp.a(alt_iic_isr_register.o)
 .debug_aranges
                0x0000000000000168       0x30 ../lab05_bsp/\libhal_bsp.a(alt_irq_entry.o)
 .debug_aranges
                0x0000000000000198       0x20 ../lab05_bsp/\libhal_bsp.a(alt_irq_handler.o)
 .debug_aranges
                0x00000000000001b8       0x18 ../lab05_bsp/\libhal_bsp.a(alt_irq_vars.o)
 .debug_aranges
                0x00000000000001d0       0x20 ../lab05_bsp/\libhal_bsp.a(alt_load.o)
 .debug_aranges
                0x00000000000001f0       0x20 ../lab05_bsp/\libhal_bsp.a(alt_main.o)
 .debug_aranges
                0x0000000000000210       0x20 ../lab05_bsp/\libhal_bsp.a(alt_write.o)
 .debug_aranges
                0x0000000000000230       0x20 ../lab05_bsp/\libhal_bsp.a(alt_sys_init.o)
 .debug_aranges
                0x0000000000000250       0x20 ../lab05_bsp/\libhal_bsp.a(altera_avalon_jtag_uart_write.o)
 .debug_aranges
                0x0000000000000270       0x20 ../lab05_bsp/\libhal_bsp.a(alt_dcache_flush_all.o)
 .debug_aranges
                0x0000000000000290       0x18 ../lab05_bsp/\libhal_bsp.a(alt_errno.o)
 .debug_aranges
                0x00000000000002a8       0x38 ../lab05_bsp/\libhal_bsp.a(alt_exception_entry.o)
 .debug_aranges
                0x00000000000002e0       0x20 ../lab05_bsp/\libhal_bsp.a(alt_icache_flush_all.o)
 .debug_aranges
                0x0000000000000300       0x20 ../lab05_bsp/\libhal_bsp.a(altera_nios2_qsys_irq.o)

.debug_pubnames
 *(.debug_pubnames)

.debug_info     0x0000000000000000     0x3406
 *(.debug_info .gnu.linkonce.wi.*)
 .debug_info    0x0000000000000000       0x86 ../lab05_bsp//obj/HAL/src/crt0.o
 .debug_info    0x0000000000000086      0x376 obj/default/hello_world_small.o
 .debug_info    0x00000000000003fc      0x2c6 c:/intelfpga_lite/16.1/nios2eds/bin/gnu/h-x86_64-mingw32/bin/../lib/gcc/nios2-elf/5.3.0/mno-hw-mul\libgcc.a(lib2-divmod.o)
 .debug_info    0x00000000000006c2      0x66d c:/intelfpga_lite/16.1/nios2eds/bin/gnu/h-x86_64-mingw32/bin/../lib/gcc/nios2-elf/5.3.0/../../../../../H-x86_64-mingw32/nios2-elf/lib/mno-hw-mul\libsmallc.a(lib_a-puts.o)
 .debug_info    0x0000000000000d2f       0xc9 c:/intelfpga_lite/16.1/nios2eds/bin/gnu/h-x86_64-mingw32/bin/../lib/gcc/nios2-elf/5.3.0/../../../../../H-x86_64-mingw32/nios2-elf/lib/mno-hw-mul\libsmallc.a(lib_a-strlen.o)
 .debug_info    0x0000000000000df8      0x62b c:/intelfpga_lite/16.1/nios2eds/bin/gnu/h-x86_64-mingw32/bin/../lib/gcc/nios2-elf/5.3.0/../../../../../H-x86_64-mingw32/nios2-elf/lib/mno-hw-mul\libsmallc.a(lib_a-fvwrite_small_dev.o)
 .debug_info    0x0000000000001423      0x5a9 c:/intelfpga_lite/16.1/nios2eds/bin/gnu/h-x86_64-mingw32/bin/../lib/gcc/nios2-elf/5.3.0/../../../../../H-x86_64-mingw32/nios2-elf/lib/mno-hw-mul\libsmallc.a(lib_a-impure.o)
 .debug_info    0x00000000000019cc      0x630 c:/intelfpga_lite/16.1/nios2eds/bin/gnu/h-x86_64-mingw32/bin/../lib/gcc/nios2-elf/5.3.0/../../../../../H-x86_64-mingw32/nios2-elf/lib/mno-hw-mul\libsmallc.a(lib_a-writer.o)
 .debug_info    0x0000000000001ffc       0x8a c:/intelfpga_lite/16.1/nios2eds/bin/gnu/h-x86_64-mingw32/bin/../lib/gcc/nios2-elf/5.3.0/../../../../../H-x86_64-mingw32/nios2-elf/lib/mno-hw-mul\libsmallc.a(lib_a-int_errno.o)
 .debug_info    0x0000000000002086      0x38a ../lab05_bsp/\libhal_bsp.a(alt_iic.o)
 .debug_info    0x0000000000002410      0x232 ../lab05_bsp/\libhal_bsp.a(alt_iic_isr_register.o)
 .debug_info    0x0000000000002642       0x8f ../lab05_bsp/\libhal_bsp.a(alt_irq_entry.o)
 .debug_info    0x00000000000026d1      0x184 ../lab05_bsp/\libhal_bsp.a(alt_irq_handler.o)
 .debug_info    0x0000000000002855       0x88 ../lab05_bsp/\libhal_bsp.a(alt_irq_vars.o)
 .debug_info    0x00000000000028dd      0x1c9 ../lab05_bsp/\libhal_bsp.a(alt_load.o)
 .debug_info    0x0000000000002aa6      0x169 ../lab05_bsp/\libhal_bsp.a(alt_main.o)
 .debug_info    0x0000000000002c0f      0x1c7 ../lab05_bsp/\libhal_bsp.a(alt_write.o)
 .debug_info    0x0000000000002dd6      0x1a8 ../lab05_bsp/\libhal_bsp.a(alt_sys_init.o)
 .debug_info    0x0000000000002f7e      0x197 ../lab05_bsp/\libhal_bsp.a(altera_avalon_jtag_uart_write.o)
 .debug_info    0x0000000000003115       0x92 ../lab05_bsp/\libhal_bsp.a(alt_dcache_flush_all.o)
 .debug_info    0x00000000000031a7       0xa6 ../lab05_bsp/\libhal_bsp.a(alt_errno.o)
 .debug_info    0x000000000000324d       0x95 ../lab05_bsp/\libhal_bsp.a(alt_exception_entry.o)
 .debug_info    0x00000000000032e2       0x92 ../lab05_bsp/\libhal_bsp.a(alt_icache_flush_all.o)
 .debug_info    0x0000000000003374       0x92 ../lab05_bsp/\libhal_bsp.a(altera_nios2_qsys_irq.o)

.debug_abbrev   0x0000000000000000     0x14a4
 *(.debug_abbrev)
 .debug_abbrev  0x0000000000000000       0x12 ../lab05_bsp//obj/HAL/src/crt0.o
 .debug_abbrev  0x0000000000000012      0x195 obj/default/hello_world_small.o
 .debug_abbrev  0x00000000000001a7      0x10e c:/intelfpga_lite/16.1/nios2eds/bin/gnu/h-x86_64-mingw32/bin/../lib/gcc/nios2-elf/5.3.0/mno-hw-mul\libgcc.a(lib2-divmod.o)
 .debug_abbrev  0x00000000000002b5      0x1d6 c:/intelfpga_lite/16.1/nios2eds/bin/gnu/h-x86_64-mingw32/bin/../lib/gcc/nios2-elf/5.3.0/../../../../../H-x86_64-mingw32/nios2-elf/lib/mno-hw-mul\libsmallc.a(lib_a-puts.o)
 .debug_abbrev  0x000000000000048b       0x7f c:/intelfpga_lite/16.1/nios2eds/bin/gnu/h-x86_64-mingw32/bin/../lib/gcc/nios2-elf/5.3.0/../../../../../H-x86_64-mingw32/nios2-elf/lib/mno-hw-mul\libsmallc.a(lib_a-strlen.o)
 .debug_abbrev  0x000000000000050a      0x1bc c:/intelfpga_lite/16.1/nios2eds/bin/gnu/h-x86_64-mingw32/bin/../lib/gcc/nios2-elf/5.3.0/../../../../../H-x86_64-mingw32/nios2-elf/lib/mno-hw-mul\libsmallc.a(lib_a-fvwrite_small_dev.o)
 .debug_abbrev  0x00000000000006c6      0x14a c:/intelfpga_lite/16.1/nios2eds/bin/gnu/h-x86_64-mingw32/bin/../lib/gcc/nios2-elf/5.3.0/../../../../../H-x86_64-mingw32/nios2-elf/lib/mno-hw-mul\libsmallc.a(lib_a-impure.o)
 .debug_abbrev  0x0000000000000810      0x1a6 c:/intelfpga_lite/16.1/nios2eds/bin/gnu/h-x86_64-mingw32/bin/../lib/gcc/nios2-elf/5.3.0/../../../../../H-x86_64-mingw32/nios2-elf/lib/mno-hw-mul\libsmallc.a(lib_a-writer.o)
 .debug_abbrev  0x00000000000009b6       0x37 c:/intelfpga_lite/16.1/nios2eds/bin/gnu/h-x86_64-mingw32/bin/../lib/gcc/nios2-elf/5.3.0/../../../../../H-x86_64-mingw32/nios2-elf/lib/mno-hw-mul\libsmallc.a(lib_a-int_errno.o)
 .debug_abbrev  0x00000000000009ed      0x1a0 ../lab05_bsp/\libhal_bsp.a(alt_iic.o)
 .debug_abbrev  0x0000000000000b8d      0x19c ../lab05_bsp/\libhal_bsp.a(alt_iic_isr_register.o)
 .debug_abbrev  0x0000000000000d29       0x12 ../lab05_bsp/\libhal_bsp.a(alt_irq_entry.o)
 .debug_abbrev  0x0000000000000d3b      0x120 ../lab05_bsp/\libhal_bsp.a(alt_irq_handler.o)
 .debug_abbrev  0x0000000000000e5b       0x40 ../lab05_bsp/\libhal_bsp.a(alt_irq_vars.o)
 .debug_abbrev  0x0000000000000e9b       0xd8 ../lab05_bsp/\libhal_bsp.a(alt_load.o)
 .debug_abbrev  0x0000000000000f73       0xee ../lab05_bsp/\libhal_bsp.a(alt_main.o)
 .debug_abbrev  0x0000000000001061      0x12e ../lab05_bsp/\libhal_bsp.a(alt_write.o)
 .debug_abbrev  0x000000000000118f      0x10e ../lab05_bsp/\libhal_bsp.a(alt_sys_init.o)
 .debug_abbrev  0x000000000000129d       0xd5 ../lab05_bsp/\libhal_bsp.a(altera_avalon_jtag_uart_write.o)
 .debug_abbrev  0x0000000000001372       0x42 ../lab05_bsp/\libhal_bsp.a(alt_dcache_flush_all.o)
 .debug_abbrev  0x00000000000013b4       0x5a ../lab05_bsp/\libhal_bsp.a(alt_errno.o)
 .debug_abbrev  0x000000000000140e       0x12 ../lab05_bsp/\libhal_bsp.a(alt_exception_entry.o)
 .debug_abbrev  0x0000000000001420       0x42 ../lab05_bsp/\libhal_bsp.a(alt_icache_flush_all.o)
 .debug_abbrev  0x0000000000001462       0x42 ../lab05_bsp/\libhal_bsp.a(altera_nios2_qsys_irq.o)

.debug_line     0x0000000000000000     0x154d
 *(.debug_line)
 .debug_line    0x0000000000000000       0x66 ../lab05_bsp//obj/HAL/src/crt0.o
 .debug_line    0x0000000000000066      0x109 obj/default/hello_world_small.o
 .debug_line    0x000000000000016f      0x105 c:/intelfpga_lite/16.1/nios2eds/bin/gnu/h-x86_64-mingw32/bin/../lib/gcc/nios2-elf/5.3.0/mno-hw-mul\libgcc.a(lib2-divmod.o)
 .debug_line    0x0000000000000274      0x206 c:/intelfpga_lite/16.1/nios2eds/bin/gnu/h-x86_64-mingw32/bin/../lib/gcc/nios2-elf/5.3.0/../../../../../H-x86_64-mingw32/nios2-elf/lib/mno-hw-mul\libsmallc.a(lib_a-puts.o)
 .debug_line    0x000000000000047a      0x15c c:/intelfpga_lite/16.1/nios2eds/bin/gnu/h-x86_64-mingw32/bin/../lib/gcc/nios2-elf/5.3.0/../../../../../H-x86_64-mingw32/nios2-elf/lib/mno-hw-mul\libsmallc.a(lib_a-strlen.o)
 .debug_line    0x00000000000005d6      0x1f0 c:/intelfpga_lite/16.1/nios2eds/bin/gnu/h-x86_64-mingw32/bin/../lib/gcc/nios2-elf/5.3.0/../../../../../H-x86_64-mingw32/nios2-elf/lib/mno-hw-mul\libsmallc.a(lib_a-fvwrite_small_dev.o)
 .debug_line    0x00000000000007c6      0x156 c:/intelfpga_lite/16.1/nios2eds/bin/gnu/h-x86_64-mingw32/bin/../lib/gcc/nios2-elf/5.3.0/../../../../../H-x86_64-mingw32/nios2-elf/lib/mno-hw-mul\libsmallc.a(lib_a-impure.o)
 .debug_line    0x000000000000091c      0x1ed c:/intelfpga_lite/16.1/nios2eds/bin/gnu/h-x86_64-mingw32/bin/../lib/gcc/nios2-elf/5.3.0/../../../../../H-x86_64-mingw32/nios2-elf/lib/mno-hw-mul\libsmallc.a(lib_a-writer.o)
 .debug_line    0x0000000000000b09       0x5f c:/intelfpga_lite/16.1/nios2eds/bin/gnu/h-x86_64-mingw32/bin/../lib/gcc/nios2-elf/5.3.0/../../../../../H-x86_64-mingw32/nios2-elf/lib/mno-hw-mul\libsmallc.a(lib_a-int_errno.o)
 .debug_line    0x0000000000000b68       0xf1 ../lab05_bsp/\libhal_bsp.a(alt_iic.o)
 .debug_line    0x0000000000000c59       0xd6 ../lab05_bsp/\libhal_bsp.a(alt_iic_isr_register.o)
 .debug_line    0x0000000000000d2f       0x6b ../lab05_bsp/\libhal_bsp.a(alt_irq_entry.o)
 .debug_line    0x0000000000000d9a       0xa5 ../lab05_bsp/\libhal_bsp.a(alt_irq_handler.o)
 .debug_line    0x0000000000000e3f       0x50 ../lab05_bsp/\libhal_bsp.a(alt_irq_vars.o)
 .debug_line    0x0000000000000e8f       0xa4 ../lab05_bsp/\libhal_bsp.a(alt_load.o)
 .debug_line    0x0000000000000f33       0xbd ../lab05_bsp/\libhal_bsp.a(alt_main.o)
 .debug_line    0x0000000000000ff0      0x16a ../lab05_bsp/\libhal_bsp.a(alt_write.o)
 .debug_line    0x000000000000115a      0x11b ../lab05_bsp/\libhal_bsp.a(alt_sys_init.o)
 .debug_line    0x0000000000001275       0xf0 ../lab05_bsp/\libhal_bsp.a(altera_avalon_jtag_uart_write.o)
 .debug_line    0x0000000000001365       0x4e ../lab05_bsp/\libhal_bsp.a(alt_dcache_flush_all.o)
 .debug_line    0x00000000000013b3       0x51 ../lab05_bsp/\libhal_bsp.a(alt_errno.o)
 .debug_line    0x0000000000001404       0xab ../lab05_bsp/\libhal_bsp.a(alt_exception_entry.o)
 .debug_line    0x00000000000014af       0x4e ../lab05_bsp/\libhal_bsp.a(alt_icache_flush_all.o)
 .debug_line    0x00000000000014fd       0x50 ../lab05_bsp/\libhal_bsp.a(altera_nios2_qsys_irq.o)

.debug_frame    0x0000000000000000      0x414
 *(.debug_frame)
 .debug_frame   0x0000000000000000       0xd4 obj/default/hello_world_small.o
 .debug_frame   0x00000000000000d4       0x50 c:/intelfpga_lite/16.1/nios2eds/bin/gnu/h-x86_64-mingw32/bin/../lib/gcc/nios2-elf/5.3.0/mno-hw-mul\libgcc.a(lib2-divmod.o)
 .debug_frame   0x0000000000000124       0x48 c:/intelfpga_lite/16.1/nios2eds/bin/gnu/h-x86_64-mingw32/bin/../lib/gcc/nios2-elf/5.3.0/../../../../../H-x86_64-mingw32/nios2-elf/lib/mno-hw-mul\libsmallc.a(lib_a-puts.o)
 .debug_frame   0x000000000000016c       0x20 c:/intelfpga_lite/16.1/nios2eds/bin/gnu/h-x86_64-mingw32/bin/../lib/gcc/nios2-elf/5.3.0/../../../../../H-x86_64-mingw32/nios2-elf/lib/mno-hw-mul\libsmallc.a(lib_a-strlen.o)
 .debug_frame   0x000000000000018c       0x58 c:/intelfpga_lite/16.1/nios2eds/bin/gnu/h-x86_64-mingw32/bin/../lib/gcc/nios2-elf/5.3.0/../../../../../H-x86_64-mingw32/nios2-elf/lib/mno-hw-mul\libsmallc.a(lib_a-fvwrite_small_dev.o)
 .debug_frame   0x00000000000001e4       0x38 c:/intelfpga_lite/16.1/nios2eds/bin/gnu/h-x86_64-mingw32/bin/../lib/gcc/nios2-elf/5.3.0/../../../../../H-x86_64-mingw32/nios2-elf/lib/mno-hw-mul\libsmallc.a(lib_a-writer.o)
 .debug_frame   0x000000000000021c       0x50 ../lab05_bsp/\libhal_bsp.a(alt_iic.o)
 .debug_frame   0x000000000000026c       0x30 ../lab05_bsp/\libhal_bsp.a(alt_iic_isr_register.o)
 .debug_frame   0x000000000000029c       0x34 ../lab05_bsp/\libhal_bsp.a(alt_irq_handler.o)
 .debug_frame   0x00000000000002d0       0x30 ../lab05_bsp/\libhal_bsp.a(alt_load.o)
 .debug_frame   0x0000000000000300       0x2c ../lab05_bsp/\libhal_bsp.a(alt_main.o)
 .debug_frame   0x000000000000032c       0x2c ../lab05_bsp/\libhal_bsp.a(alt_write.o)
 .debug_frame   0x0000000000000358       0x3c ../lab05_bsp/\libhal_bsp.a(alt_sys_init.o)
 .debug_frame   0x0000000000000394       0x20 ../lab05_bsp/\libhal_bsp.a(altera_avalon_jtag_uart_write.o)
 .debug_frame   0x00000000000003b4       0x20 ../lab05_bsp/\libhal_bsp.a(alt_dcache_flush_all.o)
 .debug_frame   0x00000000000003d4       0x20 ../lab05_bsp/\libhal_bsp.a(alt_icache_flush_all.o)
 .debug_frame   0x00000000000003f4       0x20 ../lab05_bsp/\libhal_bsp.a(altera_nios2_qsys_irq.o)

.debug_str      0x0000000000000000      0xf57
 *(.debug_str)
 .debug_str     0x0000000000000000      0x1e5 obj/default/hello_world_small.o
                                        0x230 (size before relaxing)
 .debug_str     0x00000000000001e5      0x187 c:/intelfpga_lite/16.1/nios2eds/bin/gnu/h-x86_64-mingw32/bin/../lib/gcc/nios2-elf/5.3.0/mno-hw-mul\libgcc.a(lib2-divmod.o)
                                        0x1d2 (size before relaxing)
 .debug_str     0x000000000000036c      0x3fd c:/intelfpga_lite/16.1/nios2eds/bin/gnu/h-x86_64-mingw32/bin/../lib/gcc/nios2-elf/5.3.0/../../../../../H-x86_64-mingw32/nios2-elf/lib/mno-hw-mul\libsmallc.a(lib_a-puts.o)
                                        0x4cd (size before relaxing)
 .debug_str     0x0000000000000769       0xd2 c:/intelfpga_lite/16.1/nios2eds/bin/gnu/h-x86_64-mingw32/bin/../lib/gcc/nios2-elf/5.3.0/../../../../../H-x86_64-mingw32/nios2-elf/lib/mno-hw-mul\libsmallc.a(lib_a-strlen.o)
                                        0x1e5 (size before relaxing)
 .debug_str     0x000000000000083b       0x63 c:/intelfpga_lite/16.1/nios2eds/bin/gnu/h-x86_64-mingw32/bin/../lib/gcc/nios2-elf/5.3.0/../../../../../H-x86_64-mingw32/nios2-elf/lib/mno-hw-mul\libsmallc.a(lib_a-fvwrite_small_dev.o)
                                        0x4d4 (size before relaxing)
 .debug_str     0x000000000000089e       0xef c:/intelfpga_lite/16.1/nios2eds/bin/gnu/h-x86_64-mingw32/bin/../lib/gcc/nios2-elf/5.3.0/../../../../../H-x86_64-mingw32/nios2-elf/lib/mno-hw-mul\libsmallc.a(lib_a-impure.o)
                                        0x4be (size before relaxing)
 .debug_str     0x000000000000098d       0x45 c:/intelfpga_lite/16.1/nios2eds/bin/gnu/h-x86_64-mingw32/bin/../lib/gcc/nios2-elf/5.3.0/../../../../../H-x86_64-mingw32/nios2-elf/lib/mno-hw-mul\libsmallc.a(lib_a-writer.o)
                                        0x4b8 (size before relaxing)
 .debug_str     0x00000000000009d2       0x3f c:/intelfpga_lite/16.1/nios2eds/bin/gnu/h-x86_64-mingw32/bin/../lib/gcc/nios2-elf/5.3.0/../../../../../H-x86_64-mingw32/nios2-elf/lib/mno-hw-mul\libsmallc.a(lib_a-int_errno.o)
                                        0x1d8 (size before relaxing)
 .debug_str     0x0000000000000a11      0x156 ../lab05_bsp/\libhal_bsp.a(alt_iic.o)
                                        0x26b (size before relaxing)
 .debug_str     0x0000000000000b67       0x37 ../lab05_bsp/\libhal_bsp.a(alt_iic_isr_register.o)
                                        0x225 (size before relaxing)
 .debug_str     0x0000000000000b9e       0x3a ../lab05_bsp/\libhal_bsp.a(alt_irq_handler.o)
                                        0x1af (size before relaxing)
 .debug_str     0x0000000000000bd8       0x17 ../lab05_bsp/\libhal_bsp.a(alt_irq_vars.o)
                                        0x152 (size before relaxing)
 .debug_str     0x0000000000000bef      0x113 ../lab05_bsp/\libhal_bsp.a(alt_load.o)
                                        0x254 (size before relaxing)
 .debug_str     0x0000000000000d02       0x8a ../lab05_bsp/\libhal_bsp.a(alt_main.o)
                                        0x1cd (size before relaxing)
 .debug_str     0x0000000000000d8c       0x74 ../lab05_bsp/\libhal_bsp.a(alt_write.o)
                                        0x1f6 (size before relaxing)
 .debug_str     0x0000000000000e00       0xb9 ../lab05_bsp/\libhal_bsp.a(alt_sys_init.o)
                                        0x27b (size before relaxing)
 .debug_str     0x0000000000000eb9       0x2c ../lab05_bsp/\libhal_bsp.a(altera_avalon_jtag_uart_write.o)
                                        0x22d (size before relaxing)
 .debug_str     0x0000000000000ee5       0x1f ../lab05_bsp/\libhal_bsp.a(alt_dcache_flush_all.o)
                                        0x16d (size before relaxing)
 .debug_str     0x0000000000000f04       0x14 ../lab05_bsp/\libhal_bsp.a(alt_errno.o)
                                        0x15d (size before relaxing)
 .debug_str     0x0000000000000f18       0x1f ../lab05_bsp/\libhal_bsp.a(alt_icache_flush_all.o)
                                        0x16d (size before relaxing)
 .debug_str     0x0000000000000f37       0x20 ../lab05_bsp/\libhal_bsp.a(altera_nios2_qsys_irq.o)
                                        0x174 (size before relaxing)

.debug_loc      0x0000000000000000      0xc6a
 *(.debug_loc)
 .debug_loc     0x0000000000000000       0x42 obj/default/hello_world_small.o
 .debug_loc     0x0000000000000042      0x4ce c:/intelfpga_lite/16.1/nios2eds/bin/gnu/h-x86_64-mingw32/bin/../lib/gcc/nios2-elf/5.3.0/mno-hw-mul\libgcc.a(lib2-divmod.o)
 .debug_loc     0x0000000000000510       0x97 c:/intelfpga_lite/16.1/nios2eds/bin/gnu/h-x86_64-mingw32/bin/../lib/gcc/nios2-elf/5.3.0/../../../../../H-x86_64-mingw32/nios2-elf/lib/mno-hw-mul\libsmallc.a(lib_a-puts.o)
 .debug_loc     0x00000000000005a7       0x1e c:/intelfpga_lite/16.1/nios2eds/bin/gnu/h-x86_64-mingw32/bin/../lib/gcc/nios2-elf/5.3.0/../../../../../H-x86_64-mingw32/nios2-elf/lib/mno-hw-mul\libsmallc.a(lib_a-strlen.o)
 .debug_loc     0x00000000000005c5      0x110 c:/intelfpga_lite/16.1/nios2eds/bin/gnu/h-x86_64-mingw32/bin/../lib/gcc/nios2-elf/5.3.0/../../../../../H-x86_64-mingw32/nios2-elf/lib/mno-hw-mul\libsmallc.a(lib_a-fvwrite_small_dev.o)
 .debug_loc     0x00000000000006d5       0xa5 c:/intelfpga_lite/16.1/nios2eds/bin/gnu/h-x86_64-mingw32/bin/../lib/gcc/nios2-elf/5.3.0/../../../../../H-x86_64-mingw32/nios2-elf/lib/mno-hw-mul\libsmallc.a(lib_a-writer.o)
 .debug_loc     0x000000000000077a      0x170 ../lab05_bsp/\libhal_bsp.a(alt_iic.o)
 .debug_loc     0x00000000000008ea      0x193 ../lab05_bsp/\libhal_bsp.a(alt_iic_isr_register.o)
 .debug_loc     0x0000000000000a7d       0x72 ../lab05_bsp/\libhal_bsp.a(alt_irq_handler.o)
 .debug_loc     0x0000000000000aef       0xcf ../lab05_bsp/\libhal_bsp.a(alt_write.o)
 .debug_loc     0x0000000000000bbe       0x21 ../lab05_bsp/\libhal_bsp.a(alt_sys_init.o)
 .debug_loc     0x0000000000000bdf       0x8b ../lab05_bsp/\libhal_bsp.a(altera_avalon_jtag_uart_write.o)

.debug_macinfo
 *(.debug_macinfo)

.debug_weaknames
 *(.debug_weaknames)

.debug_funcnames
 *(.debug_funcnames)

.debug_typenames
 *(.debug_typenames)

.debug_varnames
 *(.debug_varnames)

.debug_alt_sim_info
                0x0000000000000000       0x10
 *(.debug_alt_sim_info)
 .debug_alt_sim_info
                0x0000000000000000       0x10 ../lab05_bsp//obj/HAL/src/crt0.o
                0x000000000c000000                __alt_data_end = 0xc000000
                0x000000000c000000                PROVIDE (__alt_stack_pointer, __alt_data_end)
                [!provide]                        PROVIDE (__alt_stack_limit, __alt_stack_base)
                [!provide]                        PROVIDE (__alt_heap_start, end)
                [!provide]                        PROVIDE (__alt_heap_limit, 0xc000000)
OUTPUT(lab05.elf elf32-littlenios2)

.debug_ranges   0x0000000000000000      0x1c8
 .debug_ranges  0x0000000000000000       0x20 ../lab05_bsp//obj/HAL/src/crt0.o
 .debug_ranges  0x0000000000000020       0x18 obj/default/hello_world_small.o
 .debug_ranges  0x0000000000000038       0x60 c:/intelfpga_lite/16.1/nios2eds/bin/gnu/h-x86_64-mingw32/bin/../lib/gcc/nios2-elf/5.3.0/mno-hw-mul\libgcc.a(lib2-divmod.o)
 .debug_ranges  0x0000000000000098       0x18 c:/intelfpga_lite/16.1/nios2eds/bin/gnu/h-x86_64-mingw32/bin/../lib/gcc/nios2-elf/5.3.0/../../../../../H-x86_64-mingw32/nios2-elf/lib/mno-hw-mul\libsmallc.a(lib_a-puts.o)
 .debug_ranges  0x00000000000000b0       0x10 c:/intelfpga_lite/16.1/nios2eds/bin/gnu/h-x86_64-mingw32/bin/../lib/gcc/nios2-elf/5.3.0/../../../../../H-x86_64-mingw32/nios2-elf/lib/mno-hw-mul\libsmallc.a(lib_a-strlen.o)
 .debug_ranges  0x00000000000000c0       0x28 c:/intelfpga_lite/16.1/nios2eds/bin/gnu/h-x86_64-mingw32/bin/../lib/gcc/nios2-elf/5.3.0/../../../../../H-x86_64-mingw32/nios2-elf/lib/mno-hw-mul\libsmallc.a(lib_a-fvwrite_small_dev.o)
 .debug_ranges  0x00000000000000e8       0x10 c:/intelfpga_lite/16.1/nios2eds/bin/gnu/h-x86_64-mingw32/bin/../lib/gcc/nios2-elf/5.3.0/../../../../../H-x86_64-mingw32/nios2-elf/lib/mno-hw-mul\libsmallc.a(lib_a-writer.o)
 .debug_ranges  0x00000000000000f8       0x28 ../lab05_bsp/\libhal_bsp.a(alt_irq_entry.o)
 .debug_ranges  0x0000000000000120       0x10 ../lab05_bsp/\libhal_bsp.a(alt_irq_handler.o)
 .debug_ranges  0x0000000000000130       0x48 ../lab05_bsp/\libhal_bsp.a(alt_load.o)
 .debug_ranges  0x0000000000000178       0x20 ../lab05_bsp/\libhal_bsp.a(alt_write.o)
 .debug_ranges  0x0000000000000198       0x30 ../lab05_bsp/\libhal_bsp.a(alt_exception_entry.o)
